// Jest Snapshot v1, https://goo.gl/fbAQLP

exports[`Color Input Component renders Color selector 1`] = `
<div>
  <input
    id="color"
    name="color"
    onChange={[Function]}
    type="color"
    value="blue"
  >
    Text Color
  </input>
  <input
    id="backgroundColor"
    name="backgroundColor"
    onChange={[Function]}
    type="color"
    value="green"
  >
    Background Color
  </input>
</div>
`;
