// Jest Snapshot v1, https://goo.gl/fbAQLP

exports[`TextSelector component matches snapshot 1`] = `
<Fragment>
  <TextSelector
    change={[Function]}
    text=""
  />
  <ColorSelector
    backgroundColor=""
    change={[Function]}
    color=""
  />
  <hr />
  <Shape
    backgroundColor=""
    color=""
    text=""
  />
</Fragment>
`;
