// Jest Snapshot v1, https://goo.gl/fbAQLP

exports[`nameTag component renders the name tag 1`] = `
<section>
  <input
    name="text"
    onChange={[Function]}
    type="text"
    value=""
  />
  <input
    name="color"
    onChange={[Function]}
    type="color"
    value=""
  />
  <div
    className={
      Array [
        [Function],
      ]
    }
  />
</section>
`;
