// Jest Snapshot v1, https://goo.gl/fbAQLP

exports[`TextSelector component matches snapshot 1`] = `
<Fragment>
  <h2>
    Your text: 
  </h2>
  <div
    style={
      Object {
        "alignItems": "center",
        "background": "",
        "border": "2px solid black",
        "display": "flex",
        "height": "200px",
        "justifyContent": "center",
        "width": "400px",
      }
    }
  >
    <p
      style={
        Object {
          "color": "",
          "fontSize": "80px",
        }
      }
    />
  </div>
</Fragment>
`;
